============================= test session starts =============================
platform win32 -- Python 3.11.9, pytest-9.0.2, pluggy-1.6.0
rootdir: D:\deepfake\deepfake
plugins: anyio-4.12.1
collected 16 items

tests\test_pipeline.py ................                                  [100%]

============================= 16 passed in 0.11s ==============================
